00000000 A FIQ_stack_size
00000001 a R1_M
00000002 a R1_A
00000004 a R1_C
00000013 a SVCMODE
000000c0 a NOINT
00000100 A Abort_stack_size
00000100 A Undef_stack_size
00000200 A IRQ_stack_size
00000200 A SVC_stack_size
00000200 A SYS_stack_size
00001000 a R1_I
30000000 T __ENTRY
30000000 T text_start
30000038 t HandleFIQ
3000003c T HandleIRQ
30000040 t HandleUndef
30000044 t HandleSWI
30000048 t HandleDabort
3000004c t HandlePabort
30000050 t _text_start
30000054 t _bss_start
30000058 t _bss_end
3000005c t ResetHandler
300000d8 t copy_self
30000104 t copy_from_rom
30000120 t copy_from_nand
30000144 t bad_nand_read
30000164 t ok_nand_read
30000170 t go_next
3000018c t notmatch
300001ac t out
300001b0 t InitStacks
30000214 t memsetup
30000238 t mem_clear
30000250 t mem_cfg_val
300002c0 T hal_stack_init	/home/acoral/Desktop/aCoral_all_version/aCoral2440/hal/s3c2440/src/hal_thread_c.c:21
300003cc T hal_all_entry	/home/acoral/Desktop/aCoral_all_version/aCoral2440/hal/s3c2440/src/hal_int_c.c:4
30000498 t hal_intr_unmask	/home/acoral/Desktop/aCoral_all_version/aCoral2440/hal/s3c2440/src/hal_int_c.c:23
3000058c t hal_intr_mask	/home/acoral/Desktop/aCoral_all_version/aCoral2440/hal/s3c2440/src/hal_int_c.c:38
30000674 t hal_intr_ack	/home/acoral/Desktop/aCoral_all_version/aCoral2440/hal/s3c2440/src/hal_int_c.c:54
30000768 T hal_intr_init	/home/acoral/Desktop/aCoral_all_version/aCoral2440/hal/s3c2440/src/hal_int_c.c:72
30000864 T hal_ticks_init	/home/acoral/Desktop/aCoral_all_version/aCoral2440/hal/s3c2440/src/hal_timer.c:10
30000938 T hal_ticks_delay	/home/acoral/Desktop/aCoral_all_version/aCoral2440/hal/s3c2440/src/hal_timer.c:22
30000974 T hal_mem_init	/home/acoral/Desktop/aCoral_all_version/aCoral2440/hal/s3c2440/src/hal_mem_c.c:7
30000984 T flush_cache	/home/acoral/Desktop/aCoral_all_version/aCoral2440/hal/s3c2440/src/hal_mem_c.c:11
30000a08 t hal_mmu_init	/home/acoral/Desktop/aCoral_all_version/aCoral2440/hal/s3c2440/src/hal_mem_c.c:22
30000c04 T hal_mmu_setmtt	/home/acoral/Desktop/aCoral_all_version/aCoral2440/hal/s3c2440/src/hal_mem_c.c:67
30000cb0 t nand_wait	/home/acoral/Desktop/aCoral_all_version/aCoral2440/hal/s3c2440/src/hal_nand.c:6
30000d00 t nand_reset	/home/acoral/Desktop/aCoral_all_version/aCoral2440/hal/s3c2440/src/hal_nand.c:14
30000d84 T nand_init	/home/acoral/Desktop/aCoral_all_version/aCoral2440/hal/s3c2440/src/hal_nand.c:25
30000db4 t is_bad_block	/home/acoral/Desktop/aCoral_all_version/aCoral2440/hal/s3c2440/src/hal_nand.c:42
30000f6c t nand_read_page	/home/acoral/Desktop/aCoral_all_version/aCoral2440/hal/s3c2440/src/hal_nand.c:74
30001140 t nand_read_id	/home/acoral/Desktop/aCoral_all_version/aCoral2440/hal/s3c2440/src/hal_nand.c:111
300011c0 T nand_read	/home/acoral/Desktop/aCoral_all_version/aCoral2440/hal/s3c2440/src/hal_nand.c:123
3000147c T MMU_EnableICache
3000148c T MMU_DisableICache
3000149c T MMU_EnableDCache
300014ac T MMU_DisableDCache
300014bc T MMU_EnableAlignFault
300014cc T MMU_DisableAlignFault
300014dc T MMU_EnableMMU
300014ec T MMU_DisableMMU
300014fc T MMU_SetTTBase
30001504 T MMU_SetDomain
3000150c T MMU_InvalidateIDCache
30001514 T MMU_InvalidateICache
3000151c T MMU_InvalidateICacheMVA
30001524 T MMU_PrefetchICacheMVA
3000152c T MMU_InvalidateDCache
30001534 T MMU_InvalidateDCacheMVA
3000153c T MMU_CleanDCacheMVA
30001544 T MMU_CleanInvalidateDCacheMVA
3000154c T MMU_CleanDCacheIndex
30001554 T MMU_CleanInvalidateDCacheIndex
3000155c T MMU_WaitForInterrupt
30001564 T MMU_InvalidateTLB
3000156c T MMU_InvalidateITLB
30001574 T MMU_InvalidateITLBMVA
3000157c T MMU_InvalidateDTLB
30001584 T MMU_SetProcessId
3000158c T HAL_SWITCH_TO
3000159c T HAL_INTR_SWITCH_TO
300015dc T HAL_INTR_CTX_SWITCH
30001644 T HAL_CONTEXT_SWITCH
3000166c T HAL_INTR_ENTRY
300016a8 T EXP_HANDLER
300016c8 T HAL_INTR_ENABLE
300016d8 T HAL_INTR_DISABLE
300016ec T HAL_INTR_RESTORE
300016f4 T HAL_INTR_DISABLE_SAVE
3000171c T hal_intr_nesting_init_comm	/home/acoral/Desktop/aCoral_all_version/aCoral2440/hal/src/hal_comm.c:11
30001760 T hal_get_intr_nesting_comm	/home/acoral/Desktop/aCoral_all_version/aCoral2440/hal/src/hal_comm.c:21
30001774 T hal_intr_nesting_dec_comm	/home/acoral/Desktop/aCoral_all_version/aCoral2440/hal/src/hal_comm.c:30
300017b8 T hal_intr_nesting_inc_comm	/home/acoral/Desktop/aCoral_all_version/aCoral2440/hal/src/hal_comm.c:42
300017d4 T hal_sched_bridge_comm	/home/acoral/Desktop/aCoral_all_version/aCoral2440/hal/src/hal_comm.c:46
30001800 T hal_intr_exit_bridge_comm	/home/acoral/Desktop/aCoral_all_version/aCoral2440/hal/src/hal_comm.c:53
3000182c T hal_atomic_add_comm	/home/acoral/Desktop/aCoral_all_version/aCoral2440/hal/src/hal_comm.c:60
30001874 T hal_atomic_sub_comm	/home/acoral/Desktop/aCoral_all_version/aCoral2440/hal/src/hal_comm.c:68
300018bc T idle	/home/acoral/Desktop/aCoral_all_version/aCoral2440/kernel/src/core.c:10
300018c8 T daem	/home/acoral/Desktop/aCoral_all_version/aCoral2440/kernel/src/core.c:22
30001998 T init	/home/acoral/Desktop/aCoral_all_version/aCoral2440/kernel/src/core.c:67
30001a8c T acoral_start	/home/acoral/Desktop/aCoral_all_version/aCoral2440/kernel/src/core.c:109
30001ad0 T acoral_core_cpu_start	/home/acoral/Desktop/aCoral_all_version/aCoral2440/kernel/src/core.c:147
30001bcc T acoral_start_os	/home/acoral/Desktop/aCoral_all_version/aCoral2440/kernel/src/core.c:166
30001c0c T acoral_module_init	/home/acoral/Desktop/aCoral_all_version/aCoral2440/kernel/src/core.c:177
30001c34 T create_thread_ext	/home/acoral/Desktop/aCoral_all_version/aCoral2440/kernel/src/policy.c:8
30001d08 T acoral_get_policy_ctrl	/home/acoral/Desktop/aCoral_all_version/aCoral2440/kernel/src/policy.c:28
30001d88 T acoral_policy_thread_init	/home/acoral/Desktop/aCoral_all_version/aCoral2440/kernel/src/policy.c:41
30001e48 T acoral_register_sched_policy	/home/acoral/Desktop/aCoral_all_version/aCoral2440/kernel/src/policy.c:55
30001e74 T acoral_policy_delay_deal	/home/acoral/Desktop/aCoral_all_version/aCoral2440/kernel/src/policy.c:59
30001ef0 T acoral_policy_thread_release	/home/acoral/Desktop/aCoral_all_version/aCoral2440/kernel/src/policy.c:71
30001f44 T acoral_sched_policy_init	/home/acoral/Desktop/aCoral_all_version/aCoral2440/kernel/src/policy.c:79
30001f80 T app_enter_policy_init	/home/acoral/Desktop/aCoral_all_version/aCoral2440/kernel/src/policy.c:96
30001f90 T app_exit_policy_init	/home/acoral/Desktop/aCoral_all_version/aCoral2440/kernel/src/policy.c:102
30001fa0 T acoral_sched_init	/home/acoral/Desktop/aCoral_all_version/aCoral2440/kernel/src/sched.c:11
30001ff0 T acoral_sched_unlock	/home/acoral/Desktop/aCoral_all_version/aCoral2440/kernel/src/sched.c:19
30002010 T acoral_set_orig_thread	/home/acoral/Desktop/aCoral_all_version/aCoral2440/kernel/src/sched.c:24
30002030 T acoral_set_running_thread	/home/acoral/Desktop/aCoral_all_version/aCoral2440/kernel/src/sched.c:28
30002084 T acoral_thread_runqueue_init	/home/acoral/Desktop/aCoral_all_version/aCoral2440/kernel/src/sched.c:38
300020fc T acoral_get_idlest_cpu	/home/acoral/Desktop/aCoral_all_version/aCoral2440/kernel/src/sched.c:55
30002194 T acoral_get_idle_maskcpu	/home/acoral/Desktop/aCoral_all_version/aCoral2440/kernel/src/sched.c:68
30002258 T acoral_rdyqueue_add	/home/acoral/Desktop/aCoral_all_version/aCoral2440/kernel/src/sched.c:85
3000232c T acoral_rdyqueue_del	/home/acoral/Desktop/aCoral_all_version/aCoral2440/kernel/src/sched.c:101
300023f8 T acoral_sched	/home/acoral/Desktop/aCoral_all_version/aCoral2440/kernel/src/sched.c:118
30002478 T acoral_real_sched	/home/acoral/Desktop/aCoral_all_version/aCoral2440/kernel/src/sched.c:141
30002524 T acoral_real_intr_sched	/home/acoral/Desktop/aCoral_all_version/aCoral2440/kernel/src/sched.c:174
300025d0 T acoral_select_thread	/home/acoral/Desktop/aCoral_all_version/aCoral2440/kernel/src/sched.c:206
30002698 T acoral_release_thread1	/home/acoral/Desktop/aCoral_all_version/aCoral2440/kernel/src/thread.c:27
3000270c T acoral_release_thread	/home/acoral/Desktop/aCoral_all_version/aCoral2440/kernel/src/thread.c:49
30002760 T acoral_suspend_thread	/home/acoral/Desktop/aCoral_all_version/aCoral2440/kernel/src/thread.c:70
300027b4 T acoral_suspend_self	/home/acoral/Desktop/aCoral_all_version/aCoral2440/kernel/src/thread.c:95
300027d4 T acoral_suspend_thread_by_id	/home/acoral/Desktop/aCoral_all_version/aCoral2440/kernel/src/thread.c:105
30002808 T acoral_resume_thread_by_id	/home/acoral/Desktop/aCoral_all_version/aCoral2440/kernel/src/thread.c:116
3000283c T acoral_resume_thread	/home/acoral/Desktop/aCoral_all_version/aCoral2440/kernel/src/thread.c:126
30002890 t acoral_delay_thread	/home/acoral/Desktop/aCoral_all_version/aCoral2440/kernel/src/thread.c:154
3000291c t acoral_delay_thread_by_id	/home/acoral/Desktop/aCoral_all_version/aCoral2440/kernel/src/thread.c:179
30002954 T acoral_delay_self	/home/acoral/Desktop/aCoral_all_version/aCoral2440/kernel/src/thread.c:189
30002984 T acoral_kill_thread	/home/acoral/Desktop/aCoral_all_version/aCoral2440/kernel/src/thread.c:198
30002a20 T acoral_kill_thread_by_id	/home/acoral/Desktop/aCoral_all_version/aCoral2440/kernel/src/thread.c:243
30002a50 T acoral_thread_exit	/home/acoral/Desktop/aCoral_all_version/aCoral2440/kernel/src/thread.c:253
30002a70 T acoral_thread_change_prio	/home/acoral/Desktop/aCoral_all_version/aCoral2440/kernel/src/thread.c:261
30002aec T acoral_change_prio_self	/home/acoral/Desktop/aCoral_all_version/aCoral2440/kernel/src/thread.c:285
30002b1c T acoral_thread_change_prio_by_id	/home/acoral/Desktop/aCoral_all_version/aCoral2440/kernel/src/thread.c:293
30002b58 T acoral_rdy_thread	/home/acoral/Desktop/aCoral_all_version/aCoral2440/kernel/src/thread.c:304
30002b94 T acoral_unrdy_thread	/home/acoral/Desktop/aCoral_all_version/aCoral2440/kernel/src/thread.c:327
30002bd0 T acoral_thread_move2_tail	/home/acoral/Desktop/aCoral_all_version/aCoral2440/kernel/src/thread.c:343
30002c10 T acoral_thread_move2_tail_by_id	/home/acoral/Desktop/aCoral_all_version/aCoral2440/kernel/src/thread.c:361
30002c40 T acoral_alloc_thread	/home/acoral/Desktop/aCoral_all_version/aCoral2440/kernel/src/thread.c:371
30002c60 T acoral_thread_init	/home/acoral/Desktop/aCoral_all_version/aCoral2440/kernel/src/thread.c:384
30002e8c T acoral_thread_pool_init	/home/acoral/Desktop/aCoral_all_version/aCoral2440/kernel/src/thread.c:431
30002f0c T acoral_set_thread_console	/home/acoral/Desktop/aCoral_all_version/aCoral2440/kernel/src/thread.c:444
30002f30 T acoral_sched_mechanism_init	/home/acoral/Desktop/aCoral_all_version/aCoral2440/kernel/src/thread.c:448
30002f60 T acoral_thread_sys_init	/home/acoral/Desktop/aCoral_all_version/aCoral2440/kernel/src/thread.c:459
30002f74 T create_comm_thread	/home/acoral/Desktop/aCoral_all_version/aCoral2440/kernel/src/comm_thrd.c:22
30003044 T comm_policy_thread_init	/home/acoral/Desktop/aCoral_all_version/aCoral2440/kernel/src/comm_thrd.c:46
30003144 T comm_policy_init	/home/acoral/Desktop/aCoral_all_version/aCoral2440/kernel/src/comm_thrd.c:71
300031a0 T acoral_create_pool	/home/acoral/Desktop/aCoral_all_version/aCoral2440/kernel/src/resource.c:15
30003304 T acoral_release_pool	/home/acoral/Desktop/aCoral_all_version/aCoral2440/kernel/src/resource.c:43
300033e4 T acoral_collect_pool	/home/acoral/Desktop/aCoral_all_version/aCoral2440/kernel/src/resource.c:65
300034dc T acoral_get_res	/home/acoral/Desktop/aCoral_all_version/aCoral2440/kernel/src/resource.c:89
30003608 T acoral_release_res	/home/acoral/Desktop/aCoral_all_version/aCoral2440/kernel/src/resource.c:128
30003790 T acoral_get_pool_by_id	/home/acoral/Desktop/aCoral_all_version/aCoral2440/kernel/src/resource.c:170
300037f4 T acoral_get_free_pool	/home/acoral/Desktop/aCoral_all_version/aCoral2440/kernel/src/resource.c:183
30003858 T acoral_get_res_by_id	/home/acoral/Desktop/aCoral_all_version/aCoral2440/kernel/src/resource.c:197
300038d0 T acoral_pool_res_init	/home/acoral/Desktop/aCoral_all_version/aCoral2440/kernel/src/resource.c:213
300039b4 T acoral_pools_init	/home/acoral/Desktop/aCoral_all_version/aCoral2440/kernel/src/resource.c:235
30003a58 T acoral_pool_ctrl_init	/home/acoral/Desktop/aCoral_all_version/aCoral2440/kernel/src/resource.c:255
30003b60 T acoral_obj_pool_init	/home/acoral/Desktop/aCoral_all_version/aCoral2440/kernel/src/resource.c:280
30003ba0 T acoral_obj_pool_release	/home/acoral/Desktop/aCoral_all_version/aCoral2440/kernel/src/resource.c:287
30003bc0 T acoral_get_obj	/home/acoral/Desktop/aCoral_all_version/aCoral2440/kernel/src/resource.c:291
30003bec T acoral_free_obj	/home/acoral/Desktop/aCoral_all_version/aCoral2440/kernel/src/resource.c:295
30003c14 T acoral_res_sys_init	/home/acoral/Desktop/aCoral_all_version/aCoral2440/kernel/src/resource.c:303
30003c24 T acoral_assert_res	/home/acoral/Desktop/aCoral_all_version/aCoral2440/kernel/src/resource.c:307
30003ca4 T acoral_intr_sys_init	/home/acoral/Desktop/aCoral_all_version/aCoral2440/kernel/src/int.c:13
30003d54 T acoral_intr_attach	/home/acoral/Desktop/aCoral_all_version/aCoral2440/kernel/src/int.c:42
30003dd0 T acoral_intr_detach	/home/acoral/Desktop/aCoral_all_version/aCoral2440/kernel/src/int.c:57
30003e24 T acoral_intr_unmask	/home/acoral/Desktop/aCoral_all_version/aCoral2440/kernel/src/int.c:69
30003f0c T acoral_intr_mask	/home/acoral/Desktop/aCoral_all_version/aCoral2440/kernel/src/int.c:88
30003ff4 T acoral_intr_entry	/home/acoral/Desktop/aCoral_all_version/aCoral2440/kernel/src/int.c:107
3000419c T acoral_default_isr	/home/acoral/Desktop/aCoral_all_version/aCoral2440/kernel/src/int.c:146
300041ac T acoral_intr_exit	/home/acoral/Desktop/aCoral_all_version/aCoral2440/kernel/src/int.c:154
30004228 T acoral_set_intr_enter	/home/acoral/Desktop/aCoral_all_version/aCoral2440/kernel/src/int.c:177
30004274 T acoral_set_intr_exit	/home/acoral/Desktop/aCoral_all_version/aCoral2440/kernel/src/int.c:188
300042c0 T acoral_set_intr_mask	/home/acoral/Desktop/aCoral_all_version/aCoral2440/kernel/src/int.c:199
3000430c T acoral_set_intr_unmask	/home/acoral/Desktop/aCoral_all_version/aCoral2440/kernel/src/int.c:210
30004358 T acoral_intr_set_type	/home/acoral/Desktop/aCoral_all_version/aCoral2440/kernel/src/int.c:220
300043a0 T acoral_fault_entry	/home/acoral/Desktop/aCoral_all_version/aCoral2440/kernel/src/int.c:231
300044b0 T acoral_time_sys_init	/home/acoral/Desktop/aCoral_all_version/aCoral2440/kernel/src/timer.c:24
300044ec T acoral_get_ticks	/home/acoral/Desktop/aCoral_all_version/aCoral2440/kernel/src/timer.c:37
30004500 T acoral_set_ticks	/home/acoral/Desktop/aCoral_all_version/aCoral2440/kernel/src/timer.c:41
30004520 T acoral_ticks_init	/home/acoral/Desktop/aCoral_all_version/aCoral2440/kernel/src/timer.c:45
30004558 T acoral_ticks_entry	/home/acoral/Desktop/aCoral_all_version/aCoral2440/kernel/src/timer.c:53
300045a8 T acoral_delayqueue_add	/home/acoral/Desktop/aCoral_all_version/aCoral2440/kernel/src/timer.c:74
300046d4 T time_delay_deal	/home/acoral/Desktop/aCoral_all_version/aCoral2440/kernel/src/timer.c:144
300047e8 T timeout_queue_add	/home/acoral/Desktop/aCoral_all_version/aCoral2440/kernel/src/timer.c:179
300048f0 T timeout_queue_del	/home/acoral/Desktop/aCoral_all_version/aCoral2440/kernel/src/timer.c:240
30004954 T timeout_delay_deal	/home/acoral/Desktop/aCoral_all_version/aCoral2440/kernel/src/timer.c:263
30004a60 T acoral_mem_sys_init	/home/acoral/Desktop/aCoral_all_version/aCoral2440/kernel/src/mem.c:9
30004a90 T spin_lock_intr_save	/home/acoral/Desktop/aCoral_all_version/aCoral2440/kernel/src/spinlock.c:4
30004abc T spin_unlock_intr_restore	/home/acoral/Desktop/aCoral_all_version/aCoral2440/kernel/src/spinlock.c:11
30004ae0 T spin_lock_intr	/home/acoral/Desktop/aCoral_all_version/aCoral2440/kernel/src/spinlock.c:16
30004afc T spin_unlock_intr	/home/acoral/Desktop/aCoral_all_version/aCoral2440/kernel/src/spinlock.c:21
30004b18 T spin_lock_stamp	/home/acoral/Desktop/aCoral_all_version/aCoral2440/kernel/src/spinlock.c:26
30004b38 T spin_unlock_stamp	/home/acoral/Desktop/aCoral_all_version/aCoral2440/kernel/src/spinlock.c:31
30004b54 T acoral_evt_sys_init	/home/acoral/Desktop/aCoral_all_version/aCoral2440/kernel/src/event.c:4
30004b64 T acoral_evt_pool_init	/home/acoral/Desktop/aCoral_all_version/aCoral2440/kernel/src/event.c:8
30004bbc T acoral_alloc_evt	/home/acoral/Desktop/aCoral_all_version/aCoral2440/kernel/src/event.c:20
30004bdc T acoral_evt_init	/home/acoral/Desktop/aCoral_all_version/aCoral2440/kernel/src/event.c:24
30004c0c T acoral_evt_queue_empty	/home/acoral/Desktop/aCoral_all_version/aCoral2440/kernel/src/event.c:29
30004c44 T acoral_evt_high_thread	/home/acoral/Desktop/aCoral_all_version/aCoral2440/kernel/src/event.c:33
30004c94 T acoral_evt_queue_add	/home/acoral/Desktop/aCoral_all_version/aCoral2440/kernel/src/event.c:43
30004d58 T acoral_evt_queue_del	/home/acoral/Desktop/aCoral_all_version/aCoral2440/kernel/src/event.c:62
30004d8c T acoral_mutex_init	/home/acoral/Desktop/aCoral_all_version/aCoral2440/kernel/src/mutex.c:15
30004dfc T acoral_mutex_create	/home/acoral/Desktop/aCoral_all_version/aCoral2440/kernel/src/mutex.c:32
30004e84 T acoral_mutex_del	/home/acoral/Desktop/aCoral_all_version/aCoral2440/kernel/src/mutex.c:54
30004f10 T acoral_mutex_trypend	/home/acoral/Desktop/aCoral_all_version/aCoral2440/kernel/src/mutex.c:93
30004fe8 T acoral_mutex_pend	/home/acoral/Desktop/aCoral_all_version/aCoral2440/kernel/src/mutex.c:134
3000522c T acoral_mutex_post	/home/acoral/Desktop/aCoral_all_version/aCoral2440/kernel/src/mutex.c:222
300053d4 T buddy_scan	/home/acoral/Desktop/aCoral_all_version/aCoral2440/kernel/src/buddy.c:33
3000554c T buddy_init	/home/acoral/Desktop/aCoral_all_version/aCoral2440/kernel/src/buddy.c:53
30005cec t recus_malloc	/home/acoral/Desktop/aCoral_all_version/aCoral2440/kernel/src/buddy.c:179
30005f94 t r_malloc	/home/acoral/Desktop/aCoral_all_version/aCoral2440/kernel/src/buddy.c:215
300062f4 T buddy_malloc_size	/home/acoral/Desktop/aCoral_all_version/aCoral2440/kernel/src/buddy.c:279
30006398 T buddy_malloc	/home/acoral/Desktop/aCoral_all_version/aCoral2440/kernel/src/buddy.c:294
30006478 T buddy_free	/home/acoral/Desktop/aCoral_all_version/aCoral2440/kernel/src/buddy.c:313
30006930 t r_malloc	/home/acoral/Desktop/aCoral_all_version/aCoral2440/kernel/src/malloc.c:34
30006be4 T v_malloc	/home/acoral/Desktop/aCoral_all_version/aCoral2440/kernel/src/malloc.c:122
30006c38 T v_free	/home/acoral/Desktop/aCoral_all_version/aCoral2440/kernel/src/malloc.c:129
30006edc T v_mem_init	/home/acoral/Desktop/aCoral_all_version/aCoral2440/kernel/src/malloc.c:210
30006f98 T v_mem_scan	/home/acoral/Desktop/aCoral_all_version/aCoral2440/kernel/src/malloc.c:232
3000707c T acoral_mbox_create	/home/acoral/Desktop/aCoral_all_version/aCoral2440/kernel/src/mbox.c:23
300070e4 T acoral_mbox_del	/home/acoral/Desktop/aCoral_all_version/aCoral2440/kernel/src/mbox.c:42
30007154 T acoral_mbox_send	/home/acoral/Desktop/aCoral_all_version/aCoral2440/kernel/src/mbox.c:61
3000722c T acoral_mbox_recv	/home/acoral/Desktop/aCoral_all_version/aCoral2440/kernel/src/mbox.c:107
300073a4 T acoral_mbox_tryrecv	/home/acoral/Desktop/aCoral_all_version/aCoral2440/kernel/src/mbox.c:164
30007440 T acoral_sem_init	/home/acoral/Desktop/aCoral_all_version/aCoral2440/kernel/src/sem.c:20
300074b0 T acoral_sem_create	/home/acoral/Desktop/aCoral_all_version/aCoral2440/kernel/src/sem.c:37
30007528 T acoral_sem_del	/home/acoral/Desktop/aCoral_all_version/aCoral2440/kernel/src/sem.c:57
300075d8 T acoral_sem_trypend	/home/acoral/Desktop/aCoral_all_version/aCoral2440/kernel/src/sem.c:97
30007690 T acoral_sem_pend	/home/acoral/Desktop/aCoral_all_version/aCoral2440/kernel/src/sem.c:139
3000783c T acoral_sem_post	/home/acoral/Desktop/aCoral_all_version/aCoral2440/kernel/src/sem.c:210
30007944 T acoral_sem_getnum	/home/acoral/Desktop/aCoral_all_version/aCoral2440/kernel/src/sem.c:261
3000799c T acoral_msg_sys_init	/home/acoral/Desktop/aCoral_all_version/aCoral2440/kernel/src/message.c:19
30007a48 T acoral_msgctr_list_queueadd	/home/acoral/Desktop/aCoral_all_version/aCoral2440/kernel/src/message.c:44
30007a78 T acoral_alloc_msgctr	/home/acoral/Desktop/aCoral_all_version/aCoral2440/kernel/src/message.c:53
30007a98 T acoral_alloc_msg	/home/acoral/Desktop/aCoral_all_version/aCoral2440/kernel/src/message.c:58
30007ab8 T acoral_msgctr_queue_add	/home/acoral/Desktop/aCoral_all_version/aCoral2440/kernel/src/message.c:67
30007b54 T acoral_msg_queue_add	/home/acoral/Desktop/aCoral_all_version/aCoral2440/kernel/src/message.c:85
30007b8c T acoral_msgctr_init	/home/acoral/Desktop/aCoral_all_version/aCoral2440/kernel/src/message.c:97
30007c48 T acoral_msg_init	/home/acoral/Desktop/aCoral_all_version/aCoral2440/kernel/src/message.c:114
30007cd0 T acoral_msg_assign	/home/acoral/Desktop/aCoral_all_version/aCoral2440/kernel/src/message.c:130
30007d38 T acoral_msgctr_create	/home/acoral/Desktop/aCoral_all_version/aCoral2440/kernel/src/message.c:148
30007e20 T acoral_msg_create	/home/acoral/Desktop/aCoral_all_version/aCoral2440/kernel/src/message.c:175
30007ebc T acoral_msg_send	/home/acoral/Desktop/aCoral_all_version/aCoral2440/kernel/src/message.c:198
30007fd0 T acoral_msg_recv	/home/acoral/Desktop/aCoral_all_version/aCoral2440/kernel/src/message.c:258
30008228 T acoral_msgctr_del	/home/acoral/Desktop/aCoral_all_version/aCoral2440/kernel/src/message.c:353
30008374 T acoral_msg_del	/home/acoral/Desktop/aCoral_all_version/aCoral2440/kernel/src/message.c:401
300083ac T wake_up_thread	/home/acoral/Desktop/aCoral_all_version/aCoral2440/kernel/src/message.c:414
300083fc T acoral_print_all_msg	/home/acoral/Desktop/aCoral_all_version/aCoral2440/kernel/src/message.c:430
3000848c T acoral_print_waitThreadsNum	/home/acoral/Desktop/aCoral_all_version/aCoral2440/kernel/src/message.c:453
300084bc T rm_policy_thread_init	/home/acoral/Desktop/aCoral_all_version/aCoral2440/kernel/src/rm_thrd.c:20
30008604 T rm_policy_thread_release	/home/acoral/Desktop/aCoral_all_version/aCoral2440/kernel/src/rm_thrd.c:45
3000862c T rm_discard_thread	/home/acoral/Desktop/aCoral_all_version/aCoral2440/kernel/src/rm_thrd.c:50
30008670 T rm_queue_ascend_add	/home/acoral/Desktop/aCoral_all_version/aCoral2440/kernel/src/rm_thrd.c:56
30008724 T rm_check	/home/acoral/Desktop/aCoral_all_version/aCoral2440/kernel/src/rm_thrd.c:72
3000887c T rm_thread_dispatch	/home/acoral/Desktop/aCoral_all_version/aCoral2440/kernel/src/rm_thrd.c:85
300089c8 T rm_init	/home/acoral/Desktop/aCoral_all_version/aCoral2440/kernel/src/rm_thrd.c:119
30008a5c T rm_policy_init	/home/acoral/Desktop/aCoral_all_version/aCoral2440/kernel/src/rm_thrd.c:129
30008ac0 T rm_end	/home/acoral/Desktop/aCoral_all_version/aCoral2440/kernel/src/rm_thrd.c:139
30008b74 T period_policy_thread_init	/home/acoral/Desktop/aCoral_all_version/aCoral2440/kernel/src/period_thrd.c:11
30008d58 T period_policy_thread_release	/home/acoral/Desktop/aCoral_all_version/aCoral2440/kernel/src/period_thrd.c:55
30008d80 T acoral_periodqueue_add	/home/acoral/Desktop/aCoral_all_version/aCoral2440/kernel/src/period_thrd.c:59
30008e8c T period_thread_delay	/home/acoral/Desktop/aCoral_all_version/aCoral2440/kernel/src/period_thrd.c:83
30008eec T period_delay_deal	/home/acoral/Desktop/aCoral_all_version/aCoral2440/kernel/src/period_thrd.c:88
3000906c T period_thread_exit	/home/acoral/Desktop/aCoral_all_version/aCoral2440/kernel/src/period_thrd.c:119
3000907c T period_policy_init	/home/acoral/Desktop/aCoral_all_version/aCoral2440/kernel/src/period_thrd.c:124
300090fc T slice_policy_thread_init	/home/acoral/Desktop/aCoral_all_version/aCoral2440/kernel/src/slice_thrd.c:13
300092cc T slice_policy_thread_release	/home/acoral/Desktop/aCoral_all_version/aCoral2440/kernel/src/slice_thrd.c:53
300092f4 T slice_delay_deal	/home/acoral/Desktop/aCoral_all_version/aCoral2440/kernel/src/slice_thrd.c:57
30009370 T slice_policy_init	/home/acoral/Desktop/aCoral_all_version/aCoral2440/kernel/src/slice_thrd.c:80
300093d4 T posix_delay_deal	/home/acoral/Desktop/aCoral_all_version/aCoral2440/kernel/src/posix_thrd.c:13
30009564 T acoral_posix_create	/home/acoral/Desktop/aCoral_all_version/aCoral2440/kernel/src/posix_thrd.c:48
30009624 T posix_policy_thread_init	/home/acoral/Desktop/aCoral_all_version/aCoral2440/kernel/src/posix_thrd.c:66
30009824 T posix_policy_thread_release	/home/acoral/Desktop/aCoral_all_version/aCoral2440/kernel/src/posix_thrd.c:105
3000984c T posix_policy_data_init	/home/acoral/Desktop/aCoral_all_version/aCoral2440/kernel/src/posix_thrd.c:109
300098a4 T posix_policy_init	/home/acoral/Desktop/aCoral_all_version/aCoral2440/kernel/src/posix_thrd.c:119
30009908 T delay	/home/acoral/Desktop/aCoral_all_version/aCoral2440/kernel/src/softdelay.c:9
3000995c T delay_task	/home/acoral/Desktop/aCoral_all_version/aCoral2440/kernel/src/softdelay.c:15
30009980 T acoral_soft_delay	/home/acoral/Desktop/aCoral_all_version/aCoral2440/kernel/src/softdelay.c:22
300099dc T soft_delay_init	/home/acoral/Desktop/aCoral_all_version/aCoral2440/kernel/src/softdelay.c:29
30009ac0 T dummy_print	/home/acoral/Desktop/aCoral_all_version/aCoral2440/lib/src/dummy.c:2
30009acc T acoral_ffs	/home/acoral/Desktop/aCoral_all_version/aCoral2440/lib/src/bitops.c:3
30009bac T acoral_find_first_bit	/home/acoral/Desktop/aCoral_all_version/aCoral2440/lib/src/bitops.c:15
30009c38 T acoral_set_bit	/home/acoral/Desktop/aCoral_all_version/aCoral2440/lib/src/bitops.c:27
30009c98 T acoral_clear_bit	/home/acoral/Desktop/aCoral_all_version/aCoral2440/lib/src/bitops.c:36
30009cfc T acoral_get_bit	/home/acoral/Desktop/aCoral_all_version/aCoral2440/lib/src/bitops.c:45
30009d58 T acoral_prio_queue_add	/home/acoral/Desktop/aCoral_all_version/aCoral2440/lib/src/queue.c:4
30009de0 T acoral_prio_queue_del	/home/acoral/Desktop/aCoral_all_version/aCoral2440/lib/src/queue.c:14
30009e78 T acoral_get_highprio	/home/acoral/Desktop/aCoral_all_version/aCoral2440/lib/src/queue.c:25
30009eac T acoral_prio_queue_init	/home/acoral/Desktop/aCoral_all_version/aCoral2440/lib/src/queue.c:29
30009f74 T acoral_list_add	/home/acoral/Desktop/aCoral_all_version/aCoral2440/lib/src/list.c:2
30009fc0 T acoral_list_add2_tail	/home/acoral/Desktop/aCoral_all_version/aCoral2440/lib/src/list.c:10
3000a00c T acoral_list_del	/home/acoral/Desktop/aCoral_all_version/aCoral2440/lib/src/list.c:18
3000a05c t do_div	/home/acoral/Desktop/aCoral_all_version/aCoral2440/lib/src/print.c:12
3000a0d0 T skip_atoi	/home/acoral/Desktop/aCoral_all_version/aCoral2440/lib/src/print.c:21
3000a158 T number	/home/acoral/Desktop/aCoral_all_version/aCoral2440/lib/src/print.c:32
3000a670 T vsnprintf	/home/acoral/Desktop/aCoral_all_version/aCoral2440/lib/src/print.c:123
3000b1a8 T acoral_sprint	/home/acoral/Desktop/aCoral_all_version/aCoral2440/lib/src/print.c:350
3000b208 T acoral_print	/home/acoral/Desktop/aCoral_all_version/aCoral2440/lib/src/print.c:360
3000b294 T acoral_prints	/home/acoral/Desktop/aCoral_all_version/aCoral2440/lib/src/print.c:371
3000b2f4 T acoral_getchar	/home/acoral/Desktop/aCoral_all_version/aCoral2440/lib/src/print.c:378
3000b340 T acoral_putchar	/home/acoral/Desktop/aCoral_all_version/aCoral2440/lib/src/print.c:384
3000b394 T acoral_debug	/home/acoral/Desktop/aCoral_all_version/aCoral2440/lib/src/print.c:391
3000b458 T acoral_debugs	/home/acoral/Desktop/aCoral_all_version/aCoral2440/lib/src/print.c:407
3000b4f0 T acoral_tolower	/home/acoral/Desktop/aCoral_all_version/aCoral2440/lib/src/str.c:3
3000b554 T acoral_toupper	/home/acoral/Desktop/aCoral_all_version/aCoral2440/lib/src/str.c:12
3000b5b8 T acoral_str_upr	/home/acoral/Desktop/aCoral_all_version/aCoral2440/lib/src/str.c:21
3000b660 T acoral_str_lwr	/home/acoral/Desktop/aCoral_all_version/aCoral2440/lib/src/str.c:32
3000b700 T acoral_str_len	/home/acoral/Desktop/aCoral_all_version/aCoral2440/lib/src/str.c:42
3000b764 T acoral_str_cpy	/home/acoral/Desktop/aCoral_all_version/aCoral2440/lib/src/str.c:51
3000b7d0 T acoral_str_cmp	/home/acoral/Desktop/aCoral_all_version/aCoral2440/lib/src/str.c:58
3000b8c0 T acoral_str_nicmp	/home/acoral/Desktop/aCoral_all_version/aCoral2440/lib/src/str.c:87
3000b9d4 T acoral_str_ncpy	/home/acoral/Desktop/aCoral_all_version/aCoral2440/lib/src/str.c:124
3000ba64 T acoral_str_lcpy	/home/acoral/Desktop/aCoral_all_version/aCoral2440/lib/src/str.c:152
3000baf0 T acoral_str_cat	/home/acoral/Desktop/aCoral_all_version/aCoral2440/lib/src/str.c:170
3000bb7c T acoral_str_ncat	/home/acoral/Desktop/aCoral_all_version/aCoral2440/lib/src/str.c:193
3000bc44 T acoral_str_lcat	/home/acoral/Desktop/aCoral_all_version/aCoral2440/lib/src/str.c:219
3000bcfc T acoral_str_ncmp	/home/acoral/Desktop/aCoral_all_version/aCoral2440/lib/src/str.c:248
3000bdbc T acoral_str_chr	/home/acoral/Desktop/aCoral_all_version/aCoral2440/lib/src/str.c:270
3000be2c T acoral_str_rchr	/home/acoral/Desktop/aCoral_all_version/aCoral2440/lib/src/str.c:286
3000beb8 T acoral_str_nchr	/home/acoral/Desktop/aCoral_all_version/aCoral2440/lib/src/str.c:306
3000bf54 T acoral_str_nlen	/home/acoral/Desktop/aCoral_all_version/aCoral2440/lib/src/str.c:323
3000bfc8 T acoral_str_spn	/home/acoral/Desktop/aCoral_all_version/aCoral2440/lib/src/str.c:342
3000c080 T acoral_str_cspn	/home/acoral/Desktop/aCoral_all_version/aCoral2440/lib/src/str.c:370
3000c120 T acoral_str_pbrk	/home/acoral/Desktop/aCoral_all_version/aCoral2440/lib/src/str.c:394
3000c1ac T acoral_str_sep	/home/acoral/Desktop/aCoral_all_version/aCoral2440/lib/src/str.c:422
3000c234 T acoral_memset	/home/acoral/Desktop/aCoral_all_version/aCoral2440/lib/src/str.c:447
3000c2a4 T acoral_memcpy	/home/acoral/Desktop/aCoral_all_version/aCoral2440/lib/src/str.c:468
3000c328 T acoral_memmove	/home/acoral/Desktop/aCoral_all_version/aCoral2440/lib/src/str.c:488
3000c434 T acoral_memcmp	/home/acoral/Desktop/aCoral_all_version/aCoral2440/lib/src/str.c:515
3000c4d0 T acoral_memscan	/home/acoral/Desktop/aCoral_all_version/aCoral2440/lib/src/str.c:538
3000c540 T acoral_strstr	/home/acoral/Desktop/aCoral_all_version/aCoral2440/lib/src/str.c:558
3000c5ec T acoral_memchr	/home/acoral/Desktop/aCoral_all_version/aCoral2440/lib/src/str.c:587
3000c680 T acoral_rand	/home/acoral/Desktop/aCoral_all_version/aCoral2440/lib/src/random.c:3
3000c6c4 T acoral_rand_start	/home/acoral/Desktop/aCoral_all_version/aCoral2440/lib/src/random.c:9
3000c6e4 T plugin_init	/home/acoral/Desktop/aCoral_all_version/aCoral2440/plugin/src/plugin.c:3
3000c6e8 T dummy	/home/acoral/Desktop/aCoral_all_version/aCoral2440/user/src/user.c:3
3000c714 T user_main	/home/acoral/Desktop/aCoral_all_version/aCoral2440/user/src/user.c:11
3000c718 T parse_args	/home/acoral/Desktop/aCoral_all_version/aCoral2440/user/src/shell.c:14
3000c958 T add_command	/home/acoral/Desktop/aCoral_all_version/aCoral2440/user/src/shell.c:68
3000c9bc T find_cmd	/home/acoral/Desktop/aCoral_all_version/aCoral2440/user/src/shell.c:78
3000ca30 T execmd	/home/acoral/Desktop/aCoral_all_version/aCoral2440/user/src/shell.c:90
3000cab0 T cmd_exe	/home/acoral/Desktop/aCoral_all_version/aCoral2440/user/src/shell.c:102
3000cb34 T echo	/home/acoral/Desktop/aCoral_all_version/aCoral2440/user/src/shell.c:116
3000cb5c T get_cmd	/home/acoral/Desktop/aCoral_all_version/aCoral2440/user/src/shell.c:120
3000cd24 T acoral_shell_init	/home/acoral/Desktop/aCoral_all_version/aCoral2440/user/src/shell.c:171
3000cdb8 T acoral_shell_exit	/home/acoral/Desktop/aCoral_all_version/aCoral2440/user/src/shell.c:184
3000cddc T acoral_shell_enter	/home/acoral/Desktop/aCoral_all_version/aCoral2440/user/src/shell.c:189
3000ce78 T malloc_scan	/home/acoral/Desktop/aCoral_all_version/aCoral2440/user/src/cmd.c:4
3000ce98 T malloc_scan2	/home/acoral/Desktop/aCoral_all_version/aCoral2440/user/src/cmd.c:15
3000ceb8 T help	/home/acoral/Desktop/aCoral_all_version/aCoral2440/user/src/cmd.c:27
3000cf24 T exit	/home/acoral/Desktop/aCoral_all_version/aCoral2440/user/src/cmd.c:43
3000cf74 T spg	/home/acoral/Desktop/aCoral_all_version/aCoral2440/user/src/cmd.c:54
3000cf9c T cmd_init	/home/acoral/Desktop/aCoral_all_version/aCoral2440/user/src/cmd.c:77
3000cfe4 T display_thread	/home/acoral/Desktop/aCoral_all_version/aCoral2440/user/src/thread_display.c:5
3000d1f8 T acoral_get_drv_ctrl_by_name	/home/acoral/Desktop/aCoral_all_version/aCoral2440/driver/src/driver.c:10
3000d284 T acoral_drv_register	/home/acoral/Desktop/aCoral_all_version/aCoral2440/driver/src/driver.c:21
3000d35c T acoral_drv_unregister	/home/acoral/Desktop/aCoral_all_version/aCoral2440/driver/src/driver.c:42
3000d3e4 T acoral_dev_open	/home/acoral/Desktop/aCoral_all_version/aCoral2440/driver/src/driver.c:50
3000d478 T acoral_dev_write	/home/acoral/Desktop/aCoral_all_version/aCoral2440/driver/src/driver.c:61
3000d510 T acoral_dev_read	/home/acoral/Desktop/aCoral_all_version/aCoral2440/driver/src/driver.c:68
3000d5a8 T acoral_dev_config	/home/acoral/Desktop/aCoral_all_version/aCoral2440/driver/src/driver.c:75
3000d63c T acoral_dev_close	/home/acoral/Desktop/aCoral_all_version/aCoral2440/driver/src/driver.c:81
3000d6b8 T acoral_alloc_drv	/home/acoral/Desktop/aCoral_all_version/aCoral2440/driver/src/driver.c:88
3000d6d8 T acoral_drv_pool_init	/home/acoral/Desktop/aCoral_all_version/aCoral2440/driver/src/driver.c:93
3000d720 T acoral_drv_sys_init	/home/acoral/Desktop/aCoral_all_version/aCoral2440/driver/src/driver.c:101
3000d774 T brd_driver_init	/home/acoral/Desktop/aCoral_all_version/aCoral2440/driver/s3c2440/src/brd_driver.c:2
3000d784 T uart_write	/home/acoral/Desktop/aCoral_all_version/aCoral2440/driver/s3c2440/src/con_uart.c:9
3000d7c0 T uart_read	/home/acoral/Desktop/aCoral_all_version/aCoral2440/driver/s3c2440/src/con_uart.c:14
3000d800 T console_write	/home/acoral/Desktop/aCoral_all_version/aCoral2440/driver/s3c2440/src/con_uart.c:19
3000d87c T console_read	/home/acoral/Desktop/aCoral_all_version/aCoral2440/driver/s3c2440/src/con_uart.c:30
3000d8e8 T console_config	/home/acoral/Desktop/aCoral_all_version/aCoral2440/driver/s3c2440/src/con_uart.c:40
3000d918 T console_open	/home/acoral/Desktop/aCoral_all_version/aCoral2440/driver/s3c2440/src/con_uart.c:49
3000d930 T uart_init	/home/acoral/Desktop/aCoral_all_version/aCoral2440/driver/s3c2440/src/con_uart.c:54
3000d9a4 T con_uart_init	/home/acoral/Desktop/aCoral_all_version/aCoral2440/driver/s3c2440/src/con_uart.c:64
3000da04 t .udivsi3_nodiv0
3000da04 T __aeabi_uidiv
3000da04 T __udivsi3
3000daf8 T __aeabi_uidivmod
3000db18 W __aeabi_idiv0
3000db18 W __aeabi_ldiv0
3000db1c T __aeabi_frsub
3000db24 T __aeabi_fsub
3000db24 T __subsf3
3000db28 T __addsf3
3000db28 T __aeabi_fadd
3000dce4 T __aeabi_ui2f
3000dce4 T __floatunsisf
3000dcec T __aeabi_i2f
3000dcec T __floatsisf
3000dd0c T __aeabi_ul2f
3000dd0c T __floatundisf
3000dd1c T __aeabi_l2f
3000dd1c T __floatdisf
3000ddc8 T __aeabi_fmul
3000ddc8 T __mulsf3
3000df60 T __aeabi_fdiv
3000df60 T __divsf3
3000e0c0 T __gesf2
3000e0c0 T __gtsf2
3000e0c8 T __lesf2
3000e0c8 T __ltsf2
3000e0d0 T __cmpsf2
3000e0d0 T __eqsf2
3000e0d0 T __nesf2
3000e134 T __aeabi_cfrcmple
3000e144 T __aeabi_cfcmpeq
3000e144 T __aeabi_cfcmple
3000e15c T __aeabi_fcmpeq
3000e174 T __aeabi_fcmplt
3000e18c T __aeabi_fcmple
3000e1a4 T __aeabi_fcmpge
3000e1bc T __aeabi_fcmpgt
3000e790 T small_digits	/home/acoral/Desktop/aCoral_all_version/aCoral2440/lib/src/print.c:30
3000e7b8 T large_digits	/home/acoral/Desktop/aCoral_all_version/aCoral2440/lib/src/print.c:31
3000ea44 D acoral_doMsgTtl_checked	/home/acoral/Desktop/aCoral_all_version/aCoral2440/kernel/src/message.c:10
3000ea48 D prio	/home/acoral/Desktop/aCoral_all_version/aCoral2440/kernel/src/rm_thrd.c:11
3000ea4c D rm_queue	/home/acoral/Desktop/aCoral_all_version/aCoral2440/kernel/src/rm_thrd.c:13
3000ea50 D right	/home/acoral/Desktop/aCoral_all_version/aCoral2440/kernel/src/rm_thrd.c:14
3000ea78 d console_id	/home/acoral/Desktop/aCoral_all_version/aCoral2440/lib/src/print.c:389
3000ea7c D mem_cmd	/home/acoral/Desktop/aCoral_all_version/aCoral2440/user/src/cmd.c:8
3000ea8c D mem2_cmd	/home/acoral/Desktop/aCoral_all_version/aCoral2440/user/src/cmd.c:19
3000ea9c D help_cmd	/home/acoral/Desktop/aCoral_all_version/aCoral2440/user/src/cmd.c:36
3000eaac D exit_cmd	/home/acoral/Desktop/aCoral_all_version/aCoral2440/user/src/cmd.c:48
3000eabc D spg_cmd	/home/acoral/Desktop/aCoral_all_version/aCoral2440/user/src/cmd.c:58
3000eacc D dt_cmd	/home/acoral/Desktop/aCoral_all_version/aCoral2440/user/src/thread_display.c:56
3000eadc B acoral_start_sched	/home/acoral/Desktop/aCoral_all_version/aCoral2440/kernel/src/core.c:3
3000eadc B bss_start
3000eae0 b acoral_ready_queues	/home/acoral/Desktop/aCoral_all_version/aCoral2440/kernel/src/sched.c:10
3000ee44 b ticks	/home/acoral/Desktop/aCoral_all_version/aCoral2440/kernel/src/timer.c:23
3000ee48 b print_buf.2163
3000f248 b print_buf.2126
3000f348 b rand_seed	/home/acoral/Desktop/aCoral_all_version/aCoral2440/lib/src/random.c:2
3000f34c B g_msgctr_header	/home/acoral/Desktop/aCoral_all_version/aCoral2440/kernel/src/message.c:14
3000f358 B drv_table	/home/acoral/Desktop/aCoral_all_version/aCoral2440/driver/src/driver.c:9
3000f3a8 B comm_policy	/home/acoral/Desktop/aCoral_all_version/aCoral2440/kernel/src/comm_thrd.c:10
3000f3c4 B acoral_free_res_pool	/home/acoral/Desktop/aCoral_all_version/aCoral2440/kernel/src/resource.c:9
3000f3c8 B posix_policy	/home/acoral/Desktop/aCoral_all_version/aCoral2440/kernel/src/posix_thrd.c:118
3000f3e4 B sched_lock	/home/acoral/Desktop/aCoral_all_version/aCoral2440/kernel/src/sched.c:8
3000f3e8 B intr_table	/home/acoral/Desktop/aCoral_all_version/aCoral2440/kernel/src/int.c:7
3000f960 B slice_policy	/home/acoral/Desktop/aCoral_all_version/aCoral2440/kernel/src/slice_thrd.c:12
3000f97c B thread_api	/home/acoral/Desktop/aCoral_all_version/aCoral2440/kernel/src/thread.c:18
3000f980 B mem_ctrl	/home/acoral/Desktop/aCoral_all_version/aCoral2440/kernel/src/malloc.c:32
3000f9b4 B acoral_thread_pool_ctrl	/home/acoral/Desktop/aCoral_all_version/aCoral2440/kernel/src/thread.c:19
3000f9ec B acoral_drv_pool_ctrl	/home/acoral/Desktop/aCoral_all_version/aCoral2440/driver/src/driver.c:8
3000fa24 B acoral_threads_queue	/home/acoral/Desktop/aCoral_all_version/aCoral2440/kernel/src/thread.c:17
3000fa30 B thread	/home/acoral/Desktop/aCoral_all_version/aCoral2440/kernel/src/core.c:66
3000fa34 B orig_thread	/home/acoral/Desktop/aCoral_all_version/aCoral2440/kernel/src/core.c:104
3000fa8c B tmp_rm_queue	/home/acoral/Desktop/aCoral_all_version/aCoral2440/kernel/src/rm_thrd.c:12
3000fa98 B acoral_mem_blocks	/home/acoral/Desktop/aCoral_all_version/aCoral2440/kernel/src/buddy.c:31
3000fa9c B sample_100ms	/home/acoral/Desktop/aCoral_all_version/aCoral2440/kernel/src/softdelay.c:7
3000faa0 B console_ops	/home/acoral/Desktop/aCoral_all_version/aCoral2440/driver/s3c2440/src/con_uart.c:6
3000fab4 B left	/home/acoral/Desktop/aCoral_all_version/aCoral2440/kernel/src/rm_thrd.c:18
3000fabc B daemon_id	/home/acoral/Desktop/aCoral_all_version/aCoral2440/kernel/src/core.c:4
3000fac0 B period_delay_queue	/home/acoral/Desktop/aCoral_all_version/aCoral2440/kernel/src/period_thrd.c:10
3000facc B head_cmd	/home/acoral/Desktop/aCoral_all_version/aCoral2440/user/src/shell.c:6
3000fad0 B acoral_res_release_queue	/home/acoral/Desktop/aCoral_all_version/aCoral2440/kernel/src/core.c:2
3000fadc B acoral_pools	/home/acoral/Desktop/aCoral_all_version/aCoral2440/kernel/src/resource.c:8
300102fc B acoral_msg_pool_ctrl	/home/acoral/Desktop/aCoral_all_version/aCoral2440/kernel/src/message.c:13
30010334 B idle_id	/home/acoral/Desktop/aCoral_all_version/aCoral2440/kernel/src/core.c:4
30010338 B policy_list	/home/acoral/Desktop/aCoral_all_version/aCoral2440/kernel/src/policy.c:7
30010344 B acoral_mem_ctrl	/home/acoral/Desktop/aCoral_all_version/aCoral2440/kernel/src/buddy.c:30
30010348 B rm_policy	/home/acoral/Desktop/aCoral_all_version/aCoral2440/kernel/src/rm_thrd.c:128
30010364 B init_id	/home/acoral/Desktop/aCoral_all_version/aCoral2440/kernel/src/core.c:4
30010368 B time_delay_queue	/home/acoral/Desktop/aCoral_all_version/aCoral2440/kernel/src/timer.c:17
30010374 B acoral_evt_pool_ctrl	/home/acoral/Desktop/aCoral_all_version/aCoral2440/kernel/src/event.c:3
300103ac B acoral_msgctr_pool_ctrl	/home/acoral/Desktop/aCoral_all_version/aCoral2440/kernel/src/message.c:12
300103e4 B timeout_queue	/home/acoral/Desktop/aCoral_all_version/aCoral2440/kernel/src/timer.c:22
300103f0 B ready_thread	/home/acoral/Desktop/aCoral_all_version/aCoral2440/kernel/src/sched.c:9
300103f4 B intr_nesting	/home/acoral/Desktop/aCoral_all_version/aCoral2440/hal/src/hal_comm.c:6
300103f8 B running_thread	/home/acoral/Desktop/aCoral_all_version/aCoral2440/kernel/src/sched.c:9
300103fc B need_sched	/home/acoral/Desktop/aCoral_all_version/aCoral2440/kernel/src/sched.c:7
30010400 B period_policy	/home/acoral/Desktop/aCoral_all_version/aCoral2440/kernel/src/period_thrd.c:123
3001041c B sample	/home/acoral/Desktop/aCoral_all_version/aCoral2440/kernel/src/softdelay.c:8
30010420 B tail_cmd	/home/acoral/Desktop/aCoral_all_version/aCoral2440/user/src/shell.c:6
30010424 A bss_end
30010424 A heap_start
33eff000 A heap_end
33f00000 A MMU_base
33fff900 A SYS_stack
33fffb00 A SVC_stack
33fffc00 A UDF_stack
33fffd00 A ABT_stack
33ffff00 A FIQ_stack
33ffff00 A IRQ_stack
33ffff00 A stack_base
c0000000 a BUS_M
